------------------------------------------------------------
TimeQuest Timing Analyzer Summary
------------------------------------------------------------

Type  : Slow 1100mV 85C Model Setup 'keyboard_input:kb|code[0]'
Slack : -14.230
TNS   : -14.230

Type  : Slow 1100mV 85C Model Setup 'PS2_clk'
Slack : -13.563
TNS   : -316.429

Type  : Slow 1100mV 85C Model Setup 'clk_divider:GAME|out_clk'
Slack : -13.430
TNS   : -400.612

Type  : Slow 1100mV 85C Model Setup 'clk_divider:VGA|out_clk'
Slack : -9.695
TNS   : -430.497

Type  : Slow 1100mV 85C Model Setup 'clk'
Slack : -5.068
TNS   : -147.244

Type  : Slow 1100mV 85C Model Hold 'PS2_clk'
Slack : 0.223
TNS   : 0.000

Type  : Slow 1100mV 85C Model Hold 'clk_divider:GAME|out_clk'
Slack : 0.273
TNS   : 0.000

Type  : Slow 1100mV 85C Model Hold 'clk_divider:VGA|out_clk'
Slack : 0.273
TNS   : 0.000

Type  : Slow 1100mV 85C Model Hold 'clk'
Slack : 0.512
TNS   : 0.000

Type  : Slow 1100mV 85C Model Hold 'keyboard_input:kb|code[0]'
Slack : 1.968
TNS   : 0.000

Type  : Slow 1100mV 85C Model Recovery 'keyboard_input:kb|code[0]'
Slack : -13.232
TNS   : -13.232

Type  : Slow 1100mV 85C Model Removal 'keyboard_input:kb|code[0]'
Slack : 1.085
TNS   : 0.000

Type  : Slow 1100mV 85C Model Minimum Pulse Width 'clk'
Slack : -0.903
TNS   : -26.420

Type  : Slow 1100mV 85C Model Minimum Pulse Width 'clk_divider:GAME|out_clk'
Slack : -0.394
TNS   : -62.493

Type  : Slow 1100mV 85C Model Minimum Pulse Width 'clk_divider:VGA|out_clk'
Slack : -0.394
TNS   : -54.746

Type  : Slow 1100mV 85C Model Minimum Pulse Width 'PS2_clk'
Slack : -0.394
TNS   : -29.725

Type  : Slow 1100mV 85C Model Minimum Pulse Width 'keyboard_input:kb|code[0]'
Slack : 0.416
TNS   : 0.000

Type  : Slow 1100mV 0C Model Setup 'keyboard_input:kb|code[0]'
Slack : -13.794
TNS   : -13.794

Type  : Slow 1100mV 0C Model Setup 'clk_divider:GAME|out_clk'
Slack : -13.124
TNS   : -396.095

Type  : Slow 1100mV 0C Model Setup 'PS2_clk'
Slack : -12.938
TNS   : -306.017

Type  : Slow 1100mV 0C Model Setup 'clk_divider:VGA|out_clk'
Slack : -9.577
TNS   : -420.815

Type  : Slow 1100mV 0C Model Setup 'clk'
Slack : -5.200
TNS   : -140.748

Type  : Slow 1100mV 0C Model Hold 'clk'
Slack : 0.124
TNS   : 0.000

Type  : Slow 1100mV 0C Model Hold 'clk_divider:GAME|out_clk'
Slack : 0.267
TNS   : 0.000

Type  : Slow 1100mV 0C Model Hold 'PS2_clk'
Slack : 0.270
TNS   : 0.000

Type  : Slow 1100mV 0C Model Hold 'clk_divider:VGA|out_clk'
Slack : 0.277
TNS   : 0.000

Type  : Slow 1100mV 0C Model Hold 'keyboard_input:kb|code[0]'
Slack : 1.770
TNS   : 0.000

Type  : Slow 1100mV 0C Model Recovery 'keyboard_input:kb|code[0]'
Slack : -12.900
TNS   : -12.900

Type  : Slow 1100mV 0C Model Removal 'keyboard_input:kb|code[0]'
Slack : 1.079
TNS   : 0.000

Type  : Slow 1100mV 0C Model Minimum Pulse Width 'clk'
Slack : -0.891
TNS   : -28.513

Type  : Slow 1100mV 0C Model Minimum Pulse Width 'clk_divider:GAME|out_clk'
Slack : -0.394
TNS   : -61.462

Type  : Slow 1100mV 0C Model Minimum Pulse Width 'clk_divider:VGA|out_clk'
Slack : -0.394
TNS   : -54.015

Type  : Slow 1100mV 0C Model Minimum Pulse Width 'PS2_clk'
Slack : -0.394
TNS   : -31.564

Type  : Slow 1100mV 0C Model Minimum Pulse Width 'keyboard_input:kb|code[0]'
Slack : 0.423
TNS   : 0.000

Type  : Fast 1100mV 85C Model Setup 'keyboard_input:kb|code[0]'
Slack : -8.210
TNS   : -8.210

Type  : Fast 1100mV 85C Model Setup 'PS2_clk'
Slack : -8.146
TNS   : -165.137

Type  : Fast 1100mV 85C Model Setup 'clk_divider:GAME|out_clk'
Slack : -8.089
TNS   : -220.136

Type  : Fast 1100mV 85C Model Setup 'clk_divider:VGA|out_clk'
Slack : -5.534
TNS   : -234.862

Type  : Fast 1100mV 85C Model Setup 'clk'
Slack : -3.909
TNS   : -70.127

Type  : Fast 1100mV 85C Model Hold 'clk_divider:VGA|out_clk'
Slack : -0.017
TNS   : -0.017

Type  : Fast 1100mV 85C Model Hold 'clk_divider:GAME|out_clk'
Slack : 0.089
TNS   : 0.000

Type  : Fast 1100mV 85C Model Hold 'PS2_clk'
Slack : 0.142
TNS   : 0.000

Type  : Fast 1100mV 85C Model Hold 'clk'
Slack : 0.272
TNS   : 0.000

Type  : Fast 1100mV 85C Model Hold 'keyboard_input:kb|code[0]'
Slack : 1.212
TNS   : 0.000

Type  : Fast 1100mV 85C Model Recovery 'keyboard_input:kb|code[0]'
Slack : -7.473
TNS   : -7.473

Type  : Fast 1100mV 85C Model Removal 'keyboard_input:kb|code[0]'
Slack : 0.559
TNS   : 0.000

Type  : Fast 1100mV 85C Model Minimum Pulse Width 'clk'
Slack : -0.805
TNS   : -6.002

Type  : Fast 1100mV 85C Model Minimum Pulse Width 'PS2_clk'
Slack : -0.327
TNS   : -18.427

Type  : Fast 1100mV 85C Model Minimum Pulse Width 'clk_divider:GAME|out_clk'
Slack : -0.110
TNS   : -3.526

Type  : Fast 1100mV 85C Model Minimum Pulse Width 'clk_divider:VGA|out_clk'
Slack : -0.083
TNS   : -4.342

Type  : Fast 1100mV 85C Model Minimum Pulse Width 'keyboard_input:kb|code[0]'
Slack : 0.403
TNS   : 0.000

Type  : Fast 1100mV 0C Model Setup 'keyboard_input:kb|code[0]'
Slack : -7.588
TNS   : -7.588

Type  : Fast 1100mV 0C Model Setup 'clk_divider:GAME|out_clk'
Slack : -7.579
TNS   : -200.232

Type  : Fast 1100mV 0C Model Setup 'PS2_clk'
Slack : -7.077
TNS   : -144.237

Type  : Fast 1100mV 0C Model Setup 'clk_divider:VGA|out_clk'
Slack : -4.958
TNS   : -207.370

Type  : Fast 1100mV 0C Model Setup 'clk'
Slack : -3.358
TNS   : -59.837

Type  : Fast 1100mV 0C Model Hold 'clk_divider:VGA|out_clk'
Slack : -0.047
TNS   : -0.053

Type  : Fast 1100mV 0C Model Hold 'clk'
Slack : -0.003
TNS   : -0.003

Type  : Fast 1100mV 0C Model Hold 'clk_divider:GAME|out_clk'
Slack : 0.076
TNS   : 0.000

Type  : Fast 1100mV 0C Model Hold 'PS2_clk'
Slack : 0.148
TNS   : 0.000

Type  : Fast 1100mV 0C Model Hold 'keyboard_input:kb|code[0]'
Slack : 1.038
TNS   : 0.000

Type  : Fast 1100mV 0C Model Recovery 'keyboard_input:kb|code[0]'
Slack : -6.929
TNS   : -6.929

Type  : Fast 1100mV 0C Model Removal 'keyboard_input:kb|code[0]'
Slack : 0.507
TNS   : 0.000

Type  : Fast 1100mV 0C Model Minimum Pulse Width 'clk'
Slack : -0.752
TNS   : -6.018

Type  : Fast 1100mV 0C Model Minimum Pulse Width 'PS2_clk'
Slack : -0.341
TNS   : -19.927

Type  : Fast 1100mV 0C Model Minimum Pulse Width 'clk_divider:GAME|out_clk'
Slack : -0.049
TNS   : -1.040

Type  : Fast 1100mV 0C Model Minimum Pulse Width 'clk_divider:VGA|out_clk'
Slack : -0.035
TNS   : -1.412

Type  : Fast 1100mV 0C Model Minimum Pulse Width 'keyboard_input:kb|code[0]'
Slack : 0.413
TNS   : 0.000

------------------------------------------------------------
